// Jest Snapshot v1, https://goo.gl/fbAQLP

exports[`<Chat /> render() renders the component 1`] = `<Chat />`;
