// Jest Snapshot v1, https://goo.gl/fbAQLP

exports[`<App /> render() renders the component 1`] = `<App />`;
