// Jest Snapshot v1, https://goo.gl/fbAQLP

exports[`<Login /> render() renders the component 1`] = `<Login />`;
